
Welcome to Gradle 9.7.1!

Here are the highlights of this release:
 - Isolated Projects graduates to incubating
 - Broader Configuration Cache compatibility
 - Resilient Sync helps you fix broken builds
 - More source locations in problem reports

For more details see https://docs.gradle.org/9.7.1/release-notes.html

Starting a Gradle Daemon (subsequent builds will be faster)

> Configure project :
Fabric Loom: 1.18.2

Cannot remap modifiers because it does not exist in any of the targets [] or their parents.

> Task :compileJava
> Task :processResources
> Task :classes
> Task :jar
> Task :processIncludeJars
> Task :sourcesJar
> Task :compileTestJava
> Task :processTestResources NO-SOURCE
> Task :testClasses

> Task :test

XRayConfigTest > validateClampsScanRadiusAndMaxHighlights() PASSED

XRayConfigTest > validateFixesBlankKey() PASSED

XRayConfigTest > fillAlphaIsScaledToEightBits() PASSED

XRayConfigTest > unknownBlockIsVisibleByDefault() PASSED

XRayConfigTest > defaultsAreSane() PASSED

XRayConfigTest > validateClampsOpacity() PASSED

> Task :validateAccessWidener NO-SOURCE
> Task :check
> Task :remapJar
> Task :remapSourcesJar
> Task :assemble
> Task :build

[Incubating] Problems report is available at: file:///home/runner/work/X-Ray-Vision/X-Ray-Vision/build/reports/problems/problems-report.html

Deprecated Gradle features were used in this build, making it incompatible with Gradle 10.

You can use '--warning-mode all' to show the individual deprecation warnings and determine if they come from your own scripts or plugins.

For more on this, please refer to https://docs.gradle.org/9.7.1/userguide/command_line_interface.html#sec:command_line_warnings in the Gradle documentation.

BUILD SUCCESSFUL in 30s
9 actionable tasks: 9 executed
